               | 650400 |
| 650000 | 新疆维吾尔自治区                  | NULL   | 650500 | 哈密市                                        | 650000 |
| 650500 | 哈密市                            | 650000 | 650502 | 伊州区                                        | 650500 |
| 650500 | 哈密市                            | 650000 | 650521 | 巴里坤哈萨克自治县                            | 650500 |
| 650500 | 哈密市                            | 650000 | 650522 | 伊吾县                                        | 650500 |
| 650000 | 新疆维吾尔自治区                  | NULL   | 652300 | 昌吉回族自治州                                | 650000 |
| 652300 | 昌吉回族自治州                    | 650000 | 652301 | 昌吉市                                        | 652300 |
| 652300 | 昌吉回族自治州                    | 650000 | 652302 | 阜康市                                        | 652300 |
| 652300 | 昌吉回族自治州                    | 650000 | 652323 | 呼图壁县                                      | 652300 |
| 652300 | 昌吉回族自治州                    | 650000 | 652324 | 玛纳斯县                                      | 652300 |
| 652300 | 昌吉回族自治州                    | 650000 | 652325 | 奇台县                                        | 652300 |
| 652300 | 昌吉回族自治州                    | 650000 | 652327 | 吉木萨尔县                                    | 652300 |
| 652300 | 昌吉回族自治州                    | 650000 | 652328 | 木垒哈萨克自治县                              | 652300 |
| 650000 | 新疆维吾尔自治区                  | NULL   | 652700 | 博尔塔拉蒙古自治州                            | 650000 |
| 652700 | 博尔塔拉蒙古自治州                | 650000 | 652701 | 博乐市                                        | 652700 |
| 652700 | 博尔塔拉蒙古自治州                | 650000 | 652702 | 阿拉山口市                                    | 652700 |
| 652700 | 博尔塔拉蒙古自治州                | 650000 | 652722 | 精河县                                        | 652700 |
| 652700 | 博尔塔拉蒙古自治州                | 650000 | 652723 | 温泉县                                        | 652700 |
| 650000 | 新疆维吾尔自治区                  | NULL   | 652800 | 巴音郭楞蒙古自治州                            | 650000 |
| 652800 | 巴音郭楞蒙古自治州                | 650000 | 652801 | 库尔勒市                                      | 652800 |
| 652800 | 巴音郭楞蒙古自治州                | 650000 | 652822 | 轮台县                                        | 652800 |
| 652800 | 巴音郭楞蒙古自治州                | 650000 | 652823 | 尉犁县                                        | 652800 |
| 652800 | 巴音郭楞蒙古自治州                | 650000 | 652824 | 若羌县                                        | 652800 |
| 652800 | 巴音郭楞蒙古自治州                | 650000 | 652825 | 且末县                                        | 652800 |
| 652800 | 巴音郭楞蒙古自治州                | 650000 | 652826 | 焉耆回族自治县                                | 652800 |
| 652800 | 巴音郭楞蒙古自治州                | 650000 | 652827 | 和静县                                        | 652800 |
| 652800 | 巴音郭楞蒙古自治州                | 650000 | 652828 | 和硕县                                        | 652800 |
| 652800 | 巴音郭楞蒙古自治州                | 650000 | 652829 | 博湖县                                        | 652800 |
| 650000 | 新疆维吾尔自治区                  | NULL   | 652900 | 阿克苏地区                                    | 650000 |
| 652900 | 阿克苏地区                        | 650000 | 652901 | 阿克苏市                                      | 652900 |
| 652900 | 阿克苏地区                        | 650000 | 652922 | 温宿县                                        | 652900 |
| 652900 | 阿克苏地区                        | 650000 | 652923 | 库车县                                        | 652900 |
| 652900 | 阿克苏地区                        | 650000 | 652924 | 沙雅县                                        | 652900 |
| 652900 | 阿克苏地区                        | 650000 | 652925 | 新和县                                        | 652900 |
| 652900 | 阿克苏地区                        | 650000 | 652926 | 拜城县                                        | 652900 |
| 652900 | 阿克苏地区                        | 650000 | 652927 | 乌什县                                        | 652900 |
| 652900 | 阿克苏地区                        | 650000 | 652928 | 阿瓦提县                                      | 652900 |
| 652900 | 阿克苏地区                        | 650000 | 652929 | 柯坪县                                        | 652900 |
| 650000 | 新疆维吾尔自治区                  | NULL   | 653000 | 克孜勒苏柯尔克孜自治州                        | 650000 |
| 653000 | 克孜勒苏柯尔克孜自治州            | 650000 | 653001 | 阿图什市                                      | 653000 |
| 653000 | 克孜勒苏柯尔克孜自治州            | 650000 | 653022 | 阿克陶县                                      | 653000 |
| 653000 | 克孜勒苏柯尔克孜自治州            | 650000 | 653023 | 阿合奇县                                      | 653000 |
| 653000 | 克孜勒苏柯尔克孜自治州            | 650000 | 653024 | 乌恰县                                        | 653000 |
| 650000 | 新疆维吾尔自治区                  | NULL   | 653100 | 喀什地区                                      | 650000 |
| 653100 | 喀什地区                          | 650000 | 653101 | 喀什市                                        | 653100 |
| 653100 | 喀什地区                          | 650000 | 653121 | 疏附县                                        | 653100 |
| 653100 | 喀什地区                          | 650000 | 653122 | 疏勒县                                        | 653100 |
| 653100 | 喀什地区                          | 650000 | 653123 | 英吉沙县                                      | 653100 |
| 653100 | 喀什地区                          | 650000 | 653124 | 泽普县                                        | 653100 |
| 653100 | 喀什地区                          | 650000 | 653125 | 莎车县                                        | 653100 |
| 653100 | 喀什地区                          | 650000 | 653126 | 叶城县                                        | 653100 |
| 653100 | 喀什地区                          | 650000 | 653127 | 麦盖提县                                      | 653100 |
| 653100 | 喀什地区                          | 650000 | 653128 | 岳普湖县                                      | 653100 |
| 653100 | 喀什地区                          | 650000 | 653129 | 伽师县                                        | 653100 |
| 653100 | 喀什地区                          | 650000 | 653130 | 巴楚县                                        | 653100 |
| 653100 | 喀什地区                          | 650000 | 653131 | 塔什库尔干塔吉克自治县                        | 653100 |
| 650000 | 新疆维吾尔自治区                  | NULL   | 653200 | 和田地区                                      | 650000 |
| 653200 | 和田地区                          | 650000 | 653201 | 和田市                                        | 653200 |
| 653200 | 和田地区                          | 650000 | 653221 | 和田县                                        | 653200 |
| 653200 | 和田地区                          | 650000 | 653222 | 墨玉县                                        | 653200 |
| 653200 | 和田地区                          | 650000 | 653223 | 皮山县                                        | 653200 |
| 653200 | 和田地区                          | 650000 | 653224 | 洛浦县                                        | 653200 |
| 653200 | 和田地区                          | 650000 | 653225 | 策勒县                                        | 653200 |
| 653200 | 和田地区                          | 650000 | 653226 | 于田县                                        | 653200 |
| 653200 | 和田地区                          | 650000 | 653227 | 民丰县                                        | 653200 |
| 650000 | 新疆维吾尔自治区                  | NULL   | 654000 | 伊犁哈萨克自治州                              | 650000 |
| 654000 | 伊犁哈萨克自治州                  | 650000 | 654002 | 伊宁市                                        | 654000 |
| 654000 | 伊犁哈萨克自治州                  | 650000 | 654003 | 奎屯市                                        | 654000 |
| 654000 | 伊犁哈萨克自治州                  | 650000 | 654004 | 霍尔果斯市                                    | 654000 |
| 654000 | 伊犁哈萨克自治州                  | 650000 | 654021 | 伊宁县                                        | 654000 |
| 654000 | 伊犁哈萨克自治州                  | 650000 | 654022 | 察布查尔锡伯自治县                            | 654000 |
| 654000 | 伊犁哈萨克自治州                  | 650000 | 654023 | 霍城县                                        | 654000 |
| 654000 | 伊犁哈萨克自治州                  | 650000 | 654024 | 巩留县                                        | 654000 |
| 654000 | 伊犁哈萨克自治州                  | 650000 | 654025 | 新源县                                        | 654000 |
| 654000 | 伊犁哈萨克自治州                  | 650000 | 654026 | 昭苏县                                        | 654000 |
| 654000 | 伊犁哈萨克自治州                  | 650000 | 654027 | 特克斯县                                      | 654000 |
| 654000 | 伊犁哈萨克自治州                  | 650000 | 654028 | 尼勒克县                                      | 654000 |
| 650000 | 新疆维吾尔自治区                  | NULL   | 654200 | 塔城地区                                      | 650000 |
| 654200 | 塔城地区                          | 650000 | 654201 | 塔城市                                        | 654200 |
| 654200 | 塔城地区                          | 650000 | 654202 | 乌苏市                                        | 654200 |
| 654200 | 塔城地区                          | 650000 | 654221 | 额敏县                                        | 654200 |
| 654200 | 塔城地区                          | 650000 | 654223 | 沙湾县                                        | 654200 |
| 654200 | 塔城地区                          | 650000 | 654224 | 托里县                                        | 654200 |
| 654200 | 塔城地区                          | 650000 | 654225 | 裕民县                                        | 654200 |
| 654200 | 塔城地区                          | 650000 | 654226 | 和布克赛尔蒙古自治县                          | 654200 |
| 650000 | 新疆维吾尔自治区                  | NULL   | 654300 | 阿勒泰地区                                    | 650000 |
| 654300 | 阿勒泰地区                        | 650000 | 654301 | 阿勒泰市                                      | 654300 |
| 654300 | 阿勒泰地区                        | 650000 | 654321 | 布尔津县                                      | 654300 |
| 654300 | 阿勒泰地区                        | 650000 | 654322 | 富蕴县                                        | 654300 |
| 654300 | 阿勒泰地区                        | 650000 | 654323 | 福海县                                        | 654300 |
| 654300 | 阿勒泰地区                        | 650000 | 654324 | 哈巴河县                                      | 654300 |
| 654300 | 阿勒泰地区                        | 650000 | 654325 | 青河县                                        | 654300 |
| 654300 | 阿勒泰地区                        | 650000 | 654326 | 吉木乃县                                      | 654300 |
| 650000 | 新疆维吾尔自治区                  | NULL   | 659000 | 自治区直辖县级行政区划                        | 650000 |
| 659000 | 自治区直辖县级行政区划            | 650000 | 659001 | 石河子市                                      | 659000 |
| 659000 | 自治区直辖县级行政区划            | 650000 | 659002 | 阿拉尔市                                      | 659000 |
| 659000 | 自治区直辖县级行政区划            | 650000 | 659003 | 图木舒克市                                    | 659000 |
| 659000 | 自治区直辖县级行政区划            | 650000 | 659004 | 五家渠市                                      | 659000 |
| 659000 | 自治区直辖县级行政区划            | 650000 | 659006 | 铁门关市                                      | 659000 |
+--------+-----------------------------------+--------+--------+-----------------------------------------------+--------+
3474 rows in set (0.00 sec)

mysql> select * from areainfo a join areainfo b on a.code = b.pid where right(code,4)='0000';
ERROR 1052 (23000): Column 'code' in where clause is ambiguous
mysql> select * from areainfo a join areainfo b on a.code = b.pid where right(a.code,4)='0000';
+--------+--------------------------+------+--------+-----------------------------------+--------+
| code   | name                     | pid  | code   | name                              | pid    |
+--------+--------------------------+------+--------+-----------------------------------+--------+
| 110000 | 北京市                   | NULL | 110100 | 市辖区                            | 110000 |
| 120000 | 天津市                   | NULL | 120100 | 市辖区                            | 120000 |
| 130000 | 河北省                   | NULL | 130100 | 石家庄市                          | 130000 |
| 130000 | 河北省                   | NULL | 130200 | 唐山市                            | 130000 |
| 130000 | 河北省                   | NULL | 130300 | 秦皇岛市                          | 130000 |
| 130000 | 河北省                   | NULL | 130400 | 邯郸市                            | 130000 |
| 130000 | 河北省                   | NULL | 130500 | 邢台市                            | 130000 |
| 130000 | 河北省                   | NULL | 130600 | 保定市                            | 130000 |
| 130000 | 河北省                   | NULL | 130700 | 张家口市                          | 130000 |
| 130000 | 河北省                   | NULL | 130800 | 承德市                            | 130000 |
| 130000 | 河北省                   | NULL | 130900 | 沧州市                            | 130000 |
| 130000 | 河北省                   | NULL | 131000 | 廊坊市                            | 130000 |
| 130000 | 河北省                   | NULL | 131100 | 衡水市                            | 130000 |
| 130000 | 河北省                   | NULL | 139000 | 省直辖县级行政区划                | 130000 |
| 140000 | 山西省                   | NULL | 140100 | 太原市                            | 140000 |
| 140000 | 山西省                   | NULL | 140200 | 大同市                            | 140000 |
| 140000 | 山西省                   | NULL | 140300 | 阳泉市                            | 140000 |
| 140000 | 山西省                   | NULL | 140400 | 长治市                            | 140000 |
| 140000 | 山西省                   | NULL | 140500 | 晋城市                            | 140000 |
| 140000 | 山西省                   | NULL | 140600 | 朔州市                            | 140000 |
| 140000 | 山西省                   | NULL | 140700 | 晋中市                            | 140000 |
| 140000 | 山西省                   | NULL | 140800 | 运城市                            | 140000 |
| 140000 | 山西省                   | NULL | 140900 | 忻州市                            | 140000 |
| 140000 | 山西省                   | NULL | 141000 | 临汾市                            | 140000 |
| 140000 | 山西省                   | NULL | 141100 | 吕梁市                            | 140000 |
| 150000 | 内蒙古自治区             | NULL | 150100 | 呼和浩特市                        | 150000 |
| 150000 | 内蒙古自治区             | NULL | 150200 | 包头市                            | 150000 |
| 150000 | 内蒙古自治区             | NULL | 150300 | 乌海市                            | 150000 |
| 150000 | 内蒙古自治区             | NULL | 150400 | 赤峰市                            | 150000 |
| 150000 | 内蒙古自治区             | NULL | 150500 | 通辽市                            | 150000 |
| 150000 | 内蒙古自治区             | NULL | 150600 | 鄂尔多斯市                        | 150000 |
| 150000 | 内蒙古自治区             | NULL | 150700 | 呼伦贝尔市                        | 150000 |
| 150000 | 内蒙古自治区             | NULL | 150800 | 巴彦淖尔市                        | 150000 |
| 150000 | 内蒙古自治区             | NULL | 150900 | 乌兰察布市                        | 150000 |
| 150000 | 内蒙古自治区             | NULL | 152200 | 兴安盟                            | 150000 |
| 150000 | 内蒙古自治区             | NULL | 152500 | 锡林郭勒盟                        | 150000 |
| 150000 | 内蒙古自治区             | NULL | 152900 | 阿拉善盟                          | 150000 |
| 210000 | 辽宁省                   | NULL | 210100 | 沈阳市                            | 210000 |
| 210000 | 辽宁省                   | NULL | 210200 | 大连市                            | 210000 |
| 210000 | 辽宁省                   | NULL | 210300 | 鞍山市                            | 210000 |
| 210000 | 辽宁省                   | NULL | 210400 | 抚顺市                            | 210000 |
| 210000 | 辽宁省                   | NULL | 210500 | 本溪市                            | 210000 |
| 210000 | 辽宁省                   | NULL | 210600 | 丹东市                            | 210000 |
| 210000 | 辽宁省                   | NULL | 210700 | 锦州市                            | 210000 |
| 210000 | 辽宁省                   | NULL | 210800 | 营口市                            | 210000 |
| 210000 | 辽宁省                   | NULL | 210900 | 阜新市                            | 210000 |
| 210000 | 辽宁省                   | NULL | 211000 | 辽阳市                            | 210000 |
| 210000 | 辽宁省                   | NULL | 211100 | 盘锦市                            | 210000 |
| 210000 | 辽宁省                   | NULL | 211200 | 铁岭市                            | 210000 |
| 210000 | 辽宁省                   | NULL | 211300 | 朝阳市                            | 210000 |
| 210000 | 辽宁省                   | NULL | 211400 | 葫芦岛市                          | 210000 |
| 220000 | 吉林省                   | NULL | 220100 | 长春市                            | 220000 |
| 220000 | 吉林省                   | NULL | 220200 | 吉林市                            | 220000 |
| 220000 | 吉林省                   | NULL | 220300 | 四平市                            | 220000 |
| 220000 | 吉林省                   | NULL | 220400 | 辽源市                            | 220000 |
| 220000 | 吉林省                   | NULL | 220500 | 通化市                            | 220000 |
| 220000 | 吉林省                   | NULL | 220600 | 白山市                            | 220000 |
| 220000 | 吉林省                   | NULL | 220700 | 松原市                            | 220000 |
| 220000 | 吉林省                   | NULL | 220800 | 白城市                            | 220000 |
| 220000 | 吉林省                   | NULL | 222400 | 延边朝鲜族自治州                  | 220000 |
| 230000 | 黑龙江省                 | NULL | 230100 | 哈尔滨市                          | 230000 |
| 230000 | 黑龙江省                 | NULL | 230200 | 齐齐哈尔市                        | 230000 |
| 230000 | 黑龙江省                 | NULL | 230300 | 鸡西市                            | 230000 |
| 230000 | 黑龙江省                 | NULL | 230400 | 鹤岗市                            | 230000 |
| 230000 | 黑龙江省                 | NULL | 230500 | 双鸭山市                          | 230000 |
| 230000 | 黑龙江省                 | NULL | 230600 | 大庆市                            | 230000 |
| 230000 | 黑龙江省                 | NULL | 230700 | 伊春市                            | 230000 |
| 230000 | 黑龙江省                 | NULL | 230800 | 佳木斯市                          | 230000 |
| 230000 | 黑龙江省                 | NULL | 230900 | 七台河市                          | 230000 |
| 230000 | 黑龙江省                 | NULL | 231000 | 牡丹江市                          | 230000 |
| 230000 | 黑龙江省                 | NULL | 231100 | 黑河市                            | 230000 |
| 230000 | 黑龙江省                 | NULL | 231200 | 绥化市                            | 230000 |
| 230000 | 黑龙江省                 | NULL | 232700 | 大兴安岭地区                      | 230000 |
| 310000 | 上海市                   | NULL | 310100 | 市辖区                            | 310000 |
| 320000 | 江苏省                   | NULL | 320100 | 南京市                            | 320000 |
| 320000 | 江苏省                   | NULL | 320200 | 无锡市                            | 320000 |
| 320000 | 江苏省                   | NULL | 320300 | 徐州市                            | 320000 |
| 320000 | 江苏省                   | NULL | 320400 | 常州市                            | 320000 |
| 320000 | 江苏省                   | NULL | 320500 | 苏州市                            | 320000 |
| 320000 | 江苏省                   | NULL | 320600 | 南通市                            | 320000 |
| 320000 | 江苏省                   | NULL | 320700 | 连云港市                          | 320000 |
| 320000 | 江苏省                   | NULL | 320800 | 淮安市                            | 320000 |
| 320000 | 江苏省                   | NULL | 320900 | 盐城市                            | 320000 |
| 320000 | 江苏省                   | NULL | 321000 | 扬州市                            | 320000 |
| 320000 | 江苏省                   | NULL | 321100 | 镇江市                            | 320000 |
| 320000 | 江苏省                   | NULL | 321200 | 泰州市                            | 320000 |
| 320000 | 江苏省                   | NULL | 321300 | 宿迁市                            | 320000 |
| 330000 | 浙江省                   | NULL | 330100 | 杭州市                            | 330000 |
| 330000 | 浙江省                   | NULL | 330200 | 宁波市                            | 330000 |
| 330000 | 浙江省                   | NULL | 330300 | 温州市                            | 330000 |
| 330000 | 浙江省                   | NULL | 330400 | 嘉兴市                            | 330000 |
| 330000 | 浙江省                   | NULL | 330500 | 湖州市                            | 330000 |
| 330000 | 浙江省                   | NULL | 330600 | 绍兴市                            | 330000 |
| 330000 | 浙江省                   | NULL | 330700 | 金华市                            | 330000 |
| 330000 | 浙江省                   | NULL | 330800 | 衢州市                            | 330000 |
| 330000 | 浙江省                   | NULL | 330900 | 舟山市                            | 330000 |
| 330000 | 浙江省                   | NULL | 331000 | 台州市                            | 330000 |
| 330000 | 浙江省                   | NULL | 331100 | 丽水市                            | 330000 |
| 340000 | 安徽省                   | NULL | 340100 | 合肥市                            | 340000 |
| 340000 | 安徽省                   | NULL | 340200 | 芜湖市                            | 340000 |
| 340000 | 安徽省                   | NULL | 340300 | 蚌埠市                            | 340000 |
| 340000 | 安徽省                   | NULL | 340400 | 淮南市                            | 340000 |
| 340000 | 安徽省                   | NULL | 340500 | 马鞍山市                          | 340000 |
| 340000 | 安徽省                   | NULL | 340600 | 淮北市                            | 340000 |
| 340000 | 安徽省                   | NULL | 340700 | 铜陵市                            | 340000 |
| 340000 | 安徽省                   | NULL | 340800 | 安庆市                            | 340000 |
| 340000 | 安徽省                   | NULL | 341000 | 黄山市                            | 340000 |
| 340000 | 安徽省                   | NULL | 341100 | 滁州市                            | 340000 |
| 340000 | 安徽省                   | NULL | 341200 | 阜阳市                            | 340000 |
| 340000 | 安徽省                   | NULL | 341300 | 宿州市                            | 340000 |
| 340000 | 安徽省                   | NULL | 341500 | 六安市                            | 340000 |
| 340000 | 安徽省                   | NULL | 341600 | 亳州市                            | 340000 |
| 340000 | 安徽省                   | NULL | 341700 | 池州市                            | 340000 |
| 340000 | 安徽省                   | NULL | 341800 | 宣城市                            | 340000 |
| 350000 | 福建省                   | NULL | 350100 | 福州市                            | 350000 |
| 350000 | 福建省                   | NULL | 350200 | 厦门市                            | 350000 |
| 350000 | 福建省                   | NULL | 350300 | 莆田市                            | 350000 |
| 350000 | 福建省                   | NULL | 350400 | 三明市                            | 350000 |
| 350000 | 福建省                   | NULL | 350500 | 泉州市                            | 350000 |
| 350000 | 福建省                   | NULL | 350600 | 漳州市                            | 350000 |
| 350000 | 福建省                   | NULL | 350700 | 南平市                            | 350000 |
| 350000 | 福建省                   | NULL | 350800 | 龙岩市                            | 350000 |
| 350000 | 福建省                   | NULL | 350900 | 宁德市                            | 350000 |
| 360000 | 江西省                   | NULL | 360100 | 南昌市                            | 360000 |
| 360000 | 江西省                   | NULL | 360200 | 景德镇市                          | 360000 |
| 360000 | 江西省                   | NULL | 360300 | 萍乡市                            | 360000 |
| 360000 | 江西省                   | NULL | 360400 | 九江市                            | 360000 |
| 360000 | 江西省                   | NULL | 360500 | 新余市                            | 360000 |
| 360000 | 江西省                   | NULL | 360600 | 鹰潭市                            | 360000 |
| 360000 | 江西省                   | NULL | 360700 | 赣州市                            | 360000 |
| 360000 | 江西省                   | NULL | 360800 | 吉安市                            | 360000 |
| 360000 | 江西省                   | NULL | 360900 | 宜春市                            | 360000 |
| 360000 | 江西省                   | NULL | 361000 | 抚州市                            | 360000 |
| 360000 | 江西省                   | NULL | 361100 | 上饶市                            | 360000 |
| 370000 | 山东省                   | NULL | 370100 | 济南市                            | 370000 |
| 370000 | 山东省                   | NULL | 370200 | 青岛市                            | 370000 |
| 370000 | 山东省                   | NULL | 370300 | 淄博市                            | 370000 |
| 370000 | 山东省                   | NULL | 370400 | 枣庄市                            | 370000 |
| 370000 | 山东省                   | NULL | 370500 | 东营市                            | 370000 |
| 370000 | 山东省                   | NULL | 370600 | 烟台市                            | 370000 |
| 370000 | 山东省                   | NULL | 370700 | 潍坊市                            | 370000 |
| 370000 | 山东省                   | NULL | 370800 | 济宁市                            | 370000 |
| 370000 | 山东省                   | NULL | 370900 | 泰安市                            | 370000 |
| 370000 | 山东省                   | NULL | 371000 | 威海市                            | 370000 |
| 370000 | 山东省                   | NULL | 371100 | 日照市                            | 370000 |
| 370000 | 山东省                   | NULL | 371200 | 莱芜市                            | 370000 |
| 370000 | 山东省                   | NULL | 371300 | 临沂市                            | 370000 |
| 370000 | 山东省                   | NULL | 371400 | 德州市                            | 370000 |
| 370000 | 山东省                   | NULL | 371500 | 聊城市                            | 370000 |
| 370000 | 山东省                   | NULL | 371600 | 滨州市                            | 370000 |
| 370000 | 山东省                   | NULL | 371700 | 菏泽市                            | 370000 |
| 410000 | 河南省                   | NULL | 410100 | 郑州市                            | 410000 |
| 410000 | 河南省                   | NULL | 410200 | 开封市                            | 410000 |
| 410000 | 河南省                   | NULL | 410300 | 洛阳市                            | 410000 |
| 410000 | 河南省                   | NULL | 410400 | 平顶山市                          | 410000 |
| 410000 | 河南省                   | NULL | 410500 | 安阳市                            | 410000 |
| 410000 | 河南省                   | NULL | 410600 | 鹤壁市                            | 410000 |
| 410000 | 河南省                   | NULL | 410700 | 新乡市                            | 410000 |
| 410000 | 河南省                   | NULL | 410800 | 焦作市                            | 410000 |
| 410000 | 河南省                   | NULL | 410900 | 濮阳市                            | 410000 |
| 410000 | 河南省                   | NULL | 411000 | 许昌市                            | 410000 |
| 410000 | 河南省                   | NULL | 411100 | 漯河市                            | 410000 |
| 410000 | 河南省                   | NULL | 411200 | 三门峡市                          | 410000 |
| 410000 | 河南省                   | NULL | 411300 | 南阳市                            | 410000 |
| 410000 | 河南省                   | NULL | 411400 | 商丘市                            | 410000 |
| 410000 | 河南省                   | NULL | 411500 | 信阳市                            | 410000 |
| 410000 | 河南省                   | NULL | 411600 | 周口市                            | 410000 |
| 410000 | 河南省                   | NULL | 411700 | 驻马店市                          | 410000 |
| 410000 | 河南省                   | NULL | 419000 | 省直辖县级行政区划                | 410000 |
| 420000 | 湖北省                   | NULL | 420100 | 武汉市                            | 420000 |
| 420000 | 湖北省                   | NULL | 420200 | 黄石市                            | 420000 |
| 420000 | 湖北省                   | NULL | 420300 | 十堰市                            | 420000 |
| 420000 | 湖北省                   | NULL | 420500 | 宜昌市                            | 420000 |
| 420000 | 湖北省                   | NULL | 420600 | 襄阳市                            | 420000 |
| 420000 | 湖北省                   | NULL | 420700 | 鄂州市                            | 420000 |
| 420000 | 湖北省                   | NULL | 420800 | 荆门市                            | 420000 |
| 420000 | 湖北省                   | NULL | 420900 | 孝感市                            | 420000 |
| 420000 | 湖北省                   | NULL | 421000 | 荆州市                            | 420000 |
| 420000 | 湖北省                   | NULL | 421100 | 黄冈市                            | 420000 |
| 420000 | 湖北省                   | NULL | 421200 | 咸宁市                            | 420000 |
| 420000 | 湖北省                   | NULL | 421300 | 随州市                            | 420000 |
| 420000 | 湖北省                   | NULL | 422800 | 恩施土家族苗族自治州              | 420000 |
| 420000 | 湖北省                   | NULL | 429000 | 省直辖县级行政区划                | 420000 |
| 430000 | 湖南省                   | NULL | 430100 | 长沙市                            | 430000 |
| 430000 | 湖南省                   | NULL | 430200 | 株洲市                            | 430000 |
| 430000 | 湖南省                   | NULL | 430300 | 湘潭市                            | 430000 |
| 430000 | 湖南省                   | NULL | 430400 | 衡阳市                            | 430000 |
| 430000 | 湖南省                   | NULL | 430500 | 邵阳市                            | 430000 |
| 430000 | 湖南省                   | NULL | 430600 | 岳阳市                            | 430000 |
| 430000 | 湖南省                   | NULL | 430700 | 常德市                            | 430000 |
| 430000 | 湖南省                   | NULL | 430800 | 张家界市                          | 430000 |
| 430000 | 湖南省                   | NULL | 430900 | 益阳市                            | 430000 |
| 430000 | 湖南省                   | NULL | 431000 | 郴州市                            | 430000 |
| 430000 | 湖南省                   | NULL | 431100 | 永州市                            | 430000 |
| 430000 | 湖南省                   | NULL | 431200 | 怀化市                            | 430000 |
| 430000 | 湖南省                   | NULL | 431300 | 娄底市                            | 430000 |
| 430000 | 湖南省                   | NULL | 433100 | 湘西土家族苗族自治州              | 430000 |
| 440000 | 广东省                   | NULL | 440100 | 广州市                            | 440000 |
| 440000 | 广东省                   | NULL | 440200 | 韶关市                            | 440000 |
| 440000 | 广东省                   | NULL | 440300 | 深圳市                            | 440000 |
| 440000 | 广东省                   | NULL | 440400 | 珠海市                            | 440000 |
| 440000 | 广东省                   | NULL | 440500 | 汕头市                            | 440000 |
| 440000 | 广东省                   | NULL | 440600 | 佛山市                            | 440000 |
| 440000 | 广东省                   | NULL | 440700 | 江门市                            | 440000 |
| 440000 | 广东省                   | NULL | 440800 | 湛江市                            | 440000 |
| 440000 | 广东省                   | NULL | 440900 | 茂名市                            | 440000 |
| 440000 | 广东省                   | NULL | 441200 | 肇庆市                            | 440000 |
| 440000 | 广东省                   | NULL | 441300 | 惠州市                            | 440000 |
| 440000 | 广东省                   | NULL | 441400 | 梅州市                            | 440000 |
| 440000 | 广东省                   | NULL | 441500 | 汕尾市                            | 440000 |
| 440000 | 广东省                   | NULL | 441600 | 河源市                            | 440000 |
| 440000 | 广东省                   | NULL | 441700 | 阳江市                            | 440000 |
| 440000 | 广东省                   | NULL | 441800 | 清远市                            | 440000 |
| 440000 | 广东省                   | NULL | 441900 | 东莞市                            | 440000 |
| 440000 | 广东省                   | NULL | 442000 | 中山市                            | 440000 |
| 440000 | 广东省                   | NULL | 445100 | 潮州市                            | 440000 |
| 440000 | 广东省                   | NULL | 445200 | 揭阳市                            | 440000 |
| 440000 | 广东省                   | NULL | 445300 | 云浮市                            | 440000 |
| 450000 | 广西壮族自治区           | NULL | 450100 | 南宁市                            | 450000 |
| 450000 | 广西壮族自治区           | NULL | 450200 | 柳州市                            | 450000 |
| 450000 | 广西壮族自治区           | NULL | 450300 | 桂林市                            | 450000 |
| 450000 | 广西壮族自治区           | NULL | 450400 | 梧州市                            | 450000 |
| 450000 | 广西壮族自治区           | NULL | 450500 | 北海市                            | 450000 |
| 450000 | 广西壮族自治区           | NULL | 450600 | 防城港市                          | 450000 |
| 450000 | 广西壮族自治区           | NULL | 450700 | 钦州市                            | 450000 |
| 450000 | 广西壮族自治区           | NULL | 450800 | 贵港市                            | 450000 |
| 450000 | 广西壮族自治区           | NULL | 450900 | 玉林市                            | 450000 |
| 450000 | 广西壮族自治区           | NULL | 451000 | 百色市                            | 450000 |
| 450000 | 广西壮族自治区           | NULL | 451100 | 贺州市                            | 450000 |
| 450000 | 广西壮族自治区           | NULL | 451200 | 河池市                            | 450000 |
| 450000 | 广西壮族自治区           | NULL | 451300 | 来宾市                            | 450000 |
| 450000 | 广西壮族自治区           | NULL | 451400 | 崇左市                            | 450000 |
| 460000 | 海南省                   | NULL | 460100 | 海口市                            | 460000 |
| 460000 | 海南省                   | NULL | 460200 | 三亚市                            | 460000 |
| 460000 | 海南省                   | NULL | 460300 | 三沙市                            | 460000 |
| 460000 | 海南省                   | NULL | 460400 | 儋州市                            | 460000 |
| 460000 | 海南省                   | NULL | 469000 | 省直辖县级行政区划                | 460000 |
| 500000 | 重庆市                   | NULL | 500100 | 市辖区                            | 500000 |
| 500000 | 重庆市                   | NULL | 500200 | 县                                | 500000 |
| 510000 | 四川省                   | NULL | 510100 | 成都市                            | 510000 |
| 510000 | 四川省                   | NULL | 510300 | 自贡市                            | 510000 |
| 510000 | 四川省                   | NULL | 510400 | 攀枝花市                          | 510000 |
| 510000 | 四川省                   | NULL | 510500 | 泸州市                            | 510000 |
| 510000 | 四川省                   | NULL | 510600 | 德阳市                            | 510000 |
| 510000 | 四川省                   | NULL | 510700 | 绵阳市                            | 510000 |
| 510000 | 四川省                   | NULL | 510800 | 广元市                            | 510000 |
| 510000 | 四川省                   | NULL | 510900 | 遂宁市                            | 510000 |
| 510000 | 四川省                   | NULL | 511000 | 内江市                            | 510000 |
| 510000 | 四川省                   | NULL | 511100 | 乐山市                            | 510000 |
| 510000 | 四川省                   | NULL | 511300 | 南充市                            | 510000 |
| 510000 | 四川省                   | NULL | 511400 | 眉山市                            | 510000 |
| 510000 | 四川省                   | NULL | 511500 | 宜宾市                            | 510000 |
| 510000 | 四川省                   | NULL | 511600 | 广安市                            | 510000 |
| 510000 | 四川省                   | NULL | 511700 | 达州市                            | 510000 |
| 510000 | 四川省                   | NULL | 511800 | 雅安市                            | 510000 |
| 510000 | 四川省                   | NULL | 511900 | 巴中市                            | 510000 |
| 510000 | 四川省                   | NULL | 512000 | 资阳市                            | 510000 |
| 510000 | 四川省                   | NULL | 513200 | 阿坝藏族羌族自治州                | 510000 |
| 510000 | 四川省                   | NULL | 513300 | 甘孜藏族自治州                    | 510000 |
| 510000 | 四川省                   | NULL | 513400 | 凉山彝族自治州                    | 510000 |
| 520000 | 贵州省                   | NULL | 520100 | 贵阳市                            | 520000 |
| 520000 | 贵州省                   | NULL | 520200 | 六盘水市                          | 520000 |
| 520000 | 贵州省                   | NULL | 520300 | 遵义市                            | 520000 |
| 520000 | 贵州省                   | NULL | 520400 | 安顺市                            | 520000 |
| 520000 | 贵州省                   | NULL | 520500 | 毕节市                            | 520000 |
| 520000 | 贵州省                   | NULL | 520600 | 铜仁市                            | 520000 |
| 520000 | 贵州省                   | NULL | 522300 | 黔西南布依族苗族自治州            | 520000 |
| 520000 | 贵州省                   | NULL | 522600 | 黔东南苗族侗族自治州              | 520000 |
| 520000 | 贵州省                   | NULL | 522700 | 黔南布依族苗族自治州              | 520000 |
| 530000 | 云南省                   | NULL | 530100 | 昆明市                            | 530000 |
| 530000 | 云南省                   | NULL | 530300 | 曲靖市                            | 530000 |
| 530000 | 云南省                   | NULL | 530400 | 玉溪市                            | 530000 |
| 530000 | 云南省                   | NULL | 530500 | 保山市                            | 530000 |
| 530000 | 云南省                   | NULL | 530600 | 昭通市                            | 530000 |
| 530000 | 云南省                   | NULL | 530700 | 丽江市                            | 530000 |
| 530000 | 云南省                   | NULL | 530800 | 普洱市                            | 530000 |
| 530000 | 云南省                   | NULL | 530900 | 临沧市                            | 530000 |
| 530000 | 云南省                   | NULL | 532300 | 楚雄彝族自治州                    | 530000 |
| 530000 | 云南省                   | NULL | 532500 | 红河哈尼族彝族自治州              | 530000 |
| 530000 | 云南省                   | NULL | 532600 | 文山壮族苗族自治州                | 530000 |
| 530000 | 云南省                   | NULL | 532800 | 西双版纳傣族自治州                | 530000 |
| 530000 | 云南省                   | NULL | 532900 | 大理白族自治州                    | 530000 |
| 530000 | 云南省                   | NULL | 533100 | 德宏傣族景颇族自治州              | 530000 |
| 530000 | 云南省                   | NULL | 533300 | 怒江傈僳族自治州                  | 530000 |
| 530000 | 云南省                   | NULL | 533400 | 迪庆藏族自治州                    | 530000 |
| 540000 | 西藏自治区               | NULL | 540100 | 拉萨市                            | 540000 |
| 540000 | 西藏自治区               | NULL | 540200 | 日喀则市                          | 540000 |
| 540000 | 西藏自治区               | NULL | 540300 | 昌都市                            | 540000 |
| 540000 | 西藏自治区               | NULL | 540400 | 林芝市                            | 540000 |
| 540000 | 西藏自治区               | NULL | 540500 | 山南市                            | 540000 |
| 540000 | 西藏自治区               | NULL | 542400 | 那曲地区                          | 540000 |
| 540000 | 西藏自治区               | NULL | 542500 | 阿里地区                          | 540000 |
| 610000 | 陕西省                   | NULL | 610100 | 西安市                            | 610000 |
| 610000 | 陕西省                   | NULL | 610200 | 铜川市                            | 610000 |
| 610000 | 陕西省                   | NULL | 610300 | 宝鸡市                            | 610000 |
| 610000 | 陕西省                   | NULL | 610400 | 咸阳市                            | 610000 |
| 610000 | 陕西省                   | NULL | 610500 | 渭南市                            | 610000 |
| 610000 | 陕西省                   | NULL | 610600 | 延安市                            | 610000 |
| 610000 | 陕西省                   | NULL | 610700 | 汉中市                            | 610000 |
| 610000 | 陕西省                   | NULL | 610800 | 榆林市                            | 610000 |
| 610000 | 陕西省                   | NULL | 610900 | 安康市                            | 610000 |
| 610000 | 陕西省                   | NULL | 611000 | 商洛市                            | 610000 |
| 620000 | 甘肃省                   | NULL | 620100 | 兰州市                            | 620000 |
| 620000 | 甘肃省                   | NULL | 620200 | 嘉峪关市                          | 620000 |
| 620000 | 甘肃省                   | NULL | 620300 | 金昌市                            | 620000 |
| 620000 | 甘肃省                   | NULL | 620400 | 白银市                            | 620000 |
| 620000 | 甘肃省                   | NULL | 620500 | 天水市                            | 620000 |
| 620000 | 甘肃省                   | NULL | 620600 | 武威市                            | 620000 |
| 620000 | 甘肃省                   | NULL | 620700 | 张掖市                            | 620000 |
| 620000 | 甘肃省                   | NULL | 620800 | 平凉市                            | 620000 |
| 620000 | 甘肃省                   | NULL | 620900 | 酒泉市                            | 620000 |
| 620000 | 甘肃省                   | NULL | 621000 | 庆阳市                            | 620000 |
| 620000 | 甘肃省                   | NULL | 621100 | 定西市                            | 620000 |
| 620000 | 甘肃省                   | NULL | 621200 | 陇南市                            | 620000 |
| 620000 | 甘肃省                   | NULL | 622900 | 临夏回族自治州                    | 620000 |
| 620000 | 甘肃省                   | NULL | 623000 | 甘南藏族自治州                    | 620000 |
| 630000 | 青海省                   | NULL | 630100 | 西宁市                            | 630000 |
| 630000 | 青海省                   | NULL | 630200 | 海东市                            | 630000 |
| 630000 | 青海省                   | NULL | 632200 | 海北藏族自治州                    | 630000 |
| 630000 | 青海省                   | NULL | 632300 | 黄南藏族自治州                    | 630000 |
| 630000 | 青海省                   | NULL | 632500 | 海南藏族自治州                    | 630000 |
| 630000 | 青海省                   | NULL | 632600 | 果洛藏族自治州                    | 630000 |
| 630000 | 青海省                   | NULL | 632700 | 玉树藏族自治州                    | 630000 |
| 630000 | 青海省                   | NULL | 632800 | 海西蒙古族藏族自治州              | 630000 |
| 640000 | 宁夏回族自治区           | NULL | 640100 | 银川市                            | 640000 |
| 640000 | 宁夏回族自治区           | NULL | 640200 | 石嘴山市                          | 640000 |
| 640000 | 宁夏回族自治区           | NULL | 640300 | 吴忠市                            | 640000 |
| 640000 | 宁夏回族自治区           | NULL | 640400 | 固原市                            | 640000 |
| 640000 | 宁夏回族自治区           | NULL | 640500 | 中卫市                            | 640000 |
| 650000 | 新疆维吾尔自治区         | NULL | 650100 | 乌鲁木齐市                        | 650000 |
| 650000 | 新疆维吾尔自治区         | NULL | 650200 | 克拉玛依市                        | 650000 |
| 650000 | 新疆维吾尔自治区         | NULL | 650400 | 吐鲁番市                          | 650000 |
| 650000 | 新疆维吾尔自治区         | NULL | 650500 | 哈密市                            | 650000 |
| 650000 | 新疆维吾尔自治区         | NULL | 652300 | 昌吉回族自治州                    | 650000 |
| 650000 | 新疆维吾尔自治区         | NULL | 652700 | 博尔塔拉蒙古自治州                | 650000 |
| 650000 | 新疆维吾尔自治区         | NULL | 652800 | 巴音郭楞蒙古自治州                | 650000 |
| 650000 | 新疆维吾尔自治区         | NULL | 652900 | 阿克苏地区                        | 650000 |
| 650000 | 新疆维吾尔自治区         | NULL | 653000 | 克孜勒苏柯尔克孜自治州            | 650000 |
| 650000 | 新疆维吾尔自治区         | NULL | 653100 | 喀什地区                          | 650000 |
| 650000 | 新疆维吾尔自治区         | NULL | 653200 | 和田地区                          | 650000 |
| 650000 | 新疆维吾尔自治区         | NULL | 654000 | 伊犁哈萨克自治州                  | 650000 |
| 650000 | 新疆维吾尔自治区         | NULL | 654200 | 塔城地区                          | 650000 |
| 650000 | 新疆维吾尔自治区         | NULL | 654300 | 阿勒泰地区                        | 650000 |
| 650000 | 新疆维吾尔自治区         | NULL | 659000 | 自治区直辖县级行政区划            | 650000 |
+--------+--------------------------+------+--------+-----------------------------------+--------+
344 rows in set (0.00 sec)

mysql> select * from student;
+-----+-----------+------+---------------------+--------+--------------------------------------+
| sno | sname     | ssex | sbirthday           | sclass | hobby                                |
+-----+-----------+------+---------------------+--------+--------------------------------------+
| 001 | 刘凯      | 男   | 1994-05-23 00:00:00 | NULL   | 看电影,玩游戏                        |
| 002 | 邹辉      | 男   | 1994-05-23 00:00:00 | NULL   | 看电影,玩游戏,烫头                   |
| 003 | 邵壮      | 男   | 1994-05-23 00:00:00 | NULL   | 看电影,玩游戏,敲代码,烫头            |
| 004 | 温祖斌    | 男   | 1994-05-23 00:00:00 | NULL   | 敲代码                               |
| 005 | 张鹏      | 男   | 1994-05-23 00:00:00 | 1812   | 看电影,玩游戏                        |
| 006 | 姜龙峰    | 男   | 1994-05-23 00:00:00 | 1812   | 看电影,敲代码                        |
| 007 | 李杨      | 男   | 1994-05-23 00:00:00 | NULL   | 看电影,玩游戏                        |
| 008 | 夏青      | 女   | 1994-05-23 00:00:00 | 1812   | 看电影,玩游戏,敲代码                 |
| 009 | 李婷      | 女   | 1994-05-23 00:00:00 | NULL   | 玩游戏,敲代码,烫头                   |
| 010 | 易志康    | 男   | 1996-12-10 00:00:00 | 1812   | 看电影,玩游戏,敲代码                 |
+-----+-----------+------+---------------------+--------+--------------------------------------+
10 rows in set (0.00 sec)

mysql> select * from student s join grade g on g.sno=s.sno;
+-----+-----------+------+---------------------+--------+--------------------------------------+-----+-----+-------+
| sno | sname     | ssex | sbirthday           | sclass | hobby                                | sno | cno | score |
+-----+-----------+------+---------------------+--------+--------------------------------------+-----+-----+-------+
| 001 | 刘凯      | 男   | 1994-05-23 00:00:00 | NULL   | 看电影,玩游戏                        | 001 | 001 |    87 |
| 001 | 刘凯      | 男   | 1994-05-23 00:00:00 | NULL   | 看电影,玩游戏                        | 001 | 003 |    98 |
| 002 | 邹辉      | 男   | 1994-05-23 00:00:00 | NULL   | 看电影,玩游戏,烫头                   | 002 | 001 |    90 |
| 002 | 邹辉      | 男   | 1994-05-23 00:00:00 | NULL   | 看电影,玩游戏,烫头                   | 002 | 002 |    80 |
| 002 | 邹辉      | 男   | 1994-05-23 00:00:00 | NULL   | 看电影,玩游戏,烫头                   | 002 | 004 |    87 |
| 002 | 邹辉      | 男   | 1994-05-23 00:00:00 | NULL   | 看电影,玩游戏,烫头                   | 002 | 005 |    79 |
| 002 | 邹辉      | 男   | 1994-05-23 00:00:00 | NULL   | 看电影,玩游戏,烫头                   | 002 | 006 |    80 |
| 002 | 邹辉      | 男   | 1994-05-23 00:00:00 | NULL   | 看电影,玩游戏,烫头                   | 002 | 007 |    77 |
| 002 | 邹辉      | 男   | 1994-05-23 00:00:00 | NULL   | 看电影,玩游戏,烫头                   | 002 | 008 |    86 |
| 003 | 邵壮      | 男   | 1994-05-23 00:00:00 | NULL   | 看电影,玩游戏,敲代码,烫头            | 003 | 001 |    78 |
| 003 | 邵壮      | 男   | 1994-05-23 00:00:00 | NULL   | 看电影,玩游戏,敲代码,烫头            | 003 | 005 |    89 |
| 003 | 邵壮      | 男   | 1994-05-23 00:00:00 | NULL   | 看电影,玩游戏,敲代码,烫头            | 003 | 006 |    99 |
| 004 | 温祖斌    | 男   | 1994-05-23 00:00:00 | NULL   | 敲代码                               | 004 | 001 |    82 |
| 004 | 温祖斌    | 男   | 1994-05-23 00:00:00 | NULL   | 敲代码                               | 004 | 003 |    88 |
| 004 | 温祖斌    | 男   | 1994-05-23 00:00:00 | NULL   | 敲代码                               | 004 | 006 |    90 |
| 005 | 张鹏      | 男   | 1994-05-23 00:00:00 | 1812   | 看电影,玩游戏                        | 005 | 001 |    57 |
| 005 | 张鹏      | 男   | 1994-05-23 00:00:00 | 1812   | 看电影,玩游戏                        | 005 | 003 |    80 |
| 005 | 张鹏      | 男   | 1994-05-23 00:00:00 | 1812   | 看电影,玩游戏                        | 005 | 007 |    94 |
| 006 | 姜龙峰    | 男   | 1994-05-23 00:00:00 | 1812   | 看电影,敲代码                        | 006 | 001 |    67 |
| 006 | 姜龙峰    | 男   | 1994-05-23 00:00:00 | 1812   | 看电影,敲代码                        | 006 | 002 |    82 |
| 006 | 姜龙峰    | 男   | 1994-05-23 00:00:00 | 1812   | 看电影,敲代码                        | 006 | 003 |    90 |
| 007 | 李杨      | 男   | 1994-05-23 00:00:00 | NULL   | 看电影,玩游戏                        | 007 | 003 |    80 |
| 008 | 夏青      | 女   | 1994-05-23 00:00:00 | 1812   | 看电影,玩游戏,敲代码                 | 008 | 001 |    83 |
| 008 | 夏青      | 女   | 1994-05-23 00:00:00 | 1812   | 看电影,玩游戏,敲代码                 | 008 | 002 |    82 |
+-----+-----------+------+---------------------+--------+--------------------------------------+-----+-----+-------+
24 rows in set (0.00 sec)

mysql> select sname,cno,score from student s join grade g on g.sno=s.sno;
+-----------+-----+-------+
| sname     | cno | score |
+-----------+-----+-------+
| 刘凯      | 001 |    87 |
| 刘凯      | 003 |    98 |
| 邹辉      | 001 |    90 |
| 邹辉      | 002 |    80 |
| 邹辉      | 004 |    87 |
| 邹辉      | 005 |    79 |
| 邹辉      | 006 |    80 |
| 邹辉      | 007 |    77 |
| 邹辉      | 008 |    86 |
| 邵壮      | 001 |    78 |
| 邵壮      | 005 |    89 |
| 邵壮      | 006 |    99 |
| 温祖斌    | 001 |    82 |
| 温祖斌    | 003 |    88 |
| 温祖斌    | 006 |    90 |
| 张鹏      | 001 |    57 |
| 张鹏      | 003 |    80 |
| 张鹏      | 007 |    94 |
| 姜龙峰    | 001 |    67 |
| 姜龙峰    | 002 |    82 |
| 姜龙峰    | 003 |    90 |
| 李杨      | 003 |    80 |
| 夏青      | 001 |    83 |
| 夏青      | 002 |    82 |
+-----------+-----+-------+
24 rows in set (0.00 sec)

mysql> select sname,cno,score from student s left join grade g on g.sno=s.sno;
+-----------+------+-------+
| sname     | cno  | score |
+-----------+------+-------+
| 刘凯      | 001  |    87 |
| 刘凯      | 003  |    98 |
| 邹辉      | 001  |    90 |
| 邹辉      | 002  |    80 |
| 邹辉      | 004  |    87 |
| 邹辉      | 005  |    79 |
| 邹辉      | 006  |    80 |
| 邹辉      | 007  |    77 |
| 邹辉      | 008  |    86 |
| 邵壮      | 001  |    78 |
| 邵壮      | 005  |    89 |
| 邵壮      | 006  |    99 |
| 温祖斌    | 001  |    82 |
| 温祖斌    | 003  |    88 |
| 温祖斌    | 006  |    90 |
| 张鹏      | 001  |    57 |
| 张鹏      | 003  |    80 |
| 张鹏      | 007  |    94 |
| 姜龙峰    | 001  |    67 |
| 姜龙峰    | 002  |    82 |
| 姜龙峰    | 003  |    90 |
| 李杨      | 003  |    80 |
| 夏青      | 001  |    83 |
| 夏青      | 002  |    82 |
| 李婷      | NULL |  NULL |
| 易志康    | NULL |  NULL |
+-----------+------+-------+
26 rows in set (0.00 sec)

mysql> 
